// Jest Snapshot v1, https://goo.gl/fbAQLP

exports[`<Roles /> It should match the snapshot 1`] = `
<Fragment>
  <ToastContainer
    autoClose={2000}
    className="z-50"
    closeButton={[Function]}
    closeOnClick={true}
    draggable={true}
    draggableDirection="x"
    draggablePercent={80}
    hideProgressBar={true}
    newestOnTop={false}
    pauseOnFocusLoss={true}
    pauseOnHover={true}
    position="top-right"
    role="alert"
    rtl={false}
    theme="light"
    transition={[Function]}
  />
  <div
    className="h-screen w-screen bg-modelColor absolute flex items-center justify-center px-4 hidden"
  >
    <div
      className="bg-white w-full  mp:w-8/12  md:w-6/12  xl:w-4/12 2xl:w-3/12 rounded-lg p-4 pb-8"
    >
      <div
        className="card-title w-full text-mainColor flex  flex-wrap justify-center items-center  "
      >
        <h3
          className="font-bold text-sm text-center w-11/12 text-danger-500"
        >
          Removing permision
        </h3>
        <hr
          className=" bg-secondary-150 border my-3 w-full"
        />
      </div>
      <div
        className="card-body"
      >
        <h2
          className="md:ml-12 text-secondary-500 mt-3 mb-6 text-xs md:text-sm"
        >
          Removing 
          <span
            className="text-mainColor"
          >
            Permission's 
          </span>
          Role
        </h2>
        <form
          className=" sp:px-8 mp:px-5 sm:px-10  md:px-8 lg:px-12"
          onSubmit={[Function]}
        >
          <div
            className="w-full flex justify-between"
          >
            <InfoButton
              name="Cancel"
              onclick={[Function]}
              styles="py-2 md:w-1/3 bg-primary-200 hover:bg-primary-100 text-primary-500"
            />
            <Primary
              name="Remove"
              onclick={[Function]}
              styles=" bg-danger-200 hover:bg-danger-100 text-danger-600 py-2 md:w-1/3"
              type="submit"
            />
          </div>
        </form>
      </div>
    </div>
  </div>
  <div
    className="h-screen w-screen bg-modelColor absolute flex items-center justify-center px-4 hidden"
  >
    <div
      className="bg-white w-full  mp:w-8/12  md:w-6/12  xl:w-4/12 2xl:w-3/12 rounded-lg p-4 pb-8"
    >
      <div
        className="card-title w-full text-mainColor flex  flex-wrap justify-center items-center  "
      >
        <h3
          className="font-bold text-sm text-center w-11/12"
        >
          Assign new Permission
        </h3>
        <div
          className="close-icon w-1/12 cursor-pointer float-right"
          onClick={[Function]}
        >
          <img
            alt="Phantom"
            className="float-right"
            src="close.svg"
          />
        </div>
        <hr
          className=" bg-secondary-150 border my-3 w-full"
        />
      </div>
      <div
        className="card-body"
      >
        <h2
          className="text-center text-secondary-500 text-xs md:text-sm"
        >
          Assign new permission
        </h2>
        <div
          className="mt-3 text-center md:flex md:flex-row"
        >
          <PermissionButton
            key="1"
            name="Get routes"
            onclick={[Function]}
            styles="bg-success-200 text-success-600 hover:bg-success-100"
            type="success"
          />
          <PermissionButton
            key="2"
            name="Get buses"
            onclick={[Function]}
            styles="bg-success-200 text-success-600 hover:bg-success-100"
            type="success"
          />
          <PermissionButton
            key="3"
            name="Assign buses"
            onclick={[Function]}
            styles="bg-success-200 text-success-600 hover:bg-success-100"
            type="success"
          />
          <PermissionButton
            key="4"
            name="createRoute"
            onclick={[Function]}
            styles="bg-success-200 text-success-600 hover:bg-success-100"
            type="success"
          />
        </div>
        <div
          className="w-full flex justify-between md:mt-6"
        >
          <InfoButton
            name="Cancel"
            onclick={[Function]}
            styles="py-2 md:w-1/3 bg-primary-200 hover:bg-primary-100 text-primary-500"
          />
          <Primary
            name="Save"
            onclick={[Function]}
            styles="py-2 md:w-1/3"
            type="submit"
          />
        </div>
      </div>
    </div>
  </div>
  <div
    className="h-screen w-screen bg-modelColor absolute flex items-center justify-center px-4 hidden"
  >
    <div
      className="bg-white w-full  mp:w-8/12  md:w-6/12  xl:w-4/12 2xl:w-3/12 rounded-lg p-4 pb-8"
    >
      <div
        className="card-title w-full text-mainColor flex  flex-wrap justify-center items-center  "
      >
        <h3
          className="font-bold text-sm text-center w-11/12"
        >
          Adding new Permission
        </h3>
        <div
          className="close-icon w-1/12 cursor-pointer float-right"
          onClick={[Function]}
        >
          <img
            alt="Phantom"
            className="float-right"
            src="close.svg"
          />
        </div>
        <hr
          className=" bg-secondary-150 border my-3 w-full"
        />
      </div>
      <div
        className="card-body"
      >
        <h2
          className="md:ml-12 text-secondary-500 text-xs md:text-sm"
        >
          New Permission
        </h2>
        <form
          action="/drivers"
          className=" sp:px-8 mp:px-5 sm:px-10  md:px-8 lg:px-12"
          onSubmit={[Function]}
        >
          <div
            className="input my-3 h-9 "
          >
            <div
              className="grouped-input bg-secondary-40 flex items-center  h-full w-full rounded-md"
            >
              <input
                className=" bg-transparent border-0 outline-none px-5 font-sans text-xs text-secondary-50 h-5 w-4/5"
                name="permissionName"
                onChange={[Function]}
                placeholder="Add Permission"
                type="text"
                value=""
              />
            </div>
          </div>
          <div
            className="w-full flex justify-between"
          >
            <InfoButton
              name="Cancel"
              onclick={[Function]}
              styles="py-2 md:w-1/3 bg-primary-200 hover:bg-primary-100 text-primary-500"
            />
            <Primary
              name="Save"
              styles="py-2 md:w-1/3"
            />
          </div>
        </form>
      </div>
    </div>
  </div>
  <div
    className="h-screen w-screen bg-modelColor absolute flex items-center justify-center px-4 hidden"
  >
    <div
      className="bg-white w-full  mp:w-8/12  md:w-6/12  xl:w-4/12 2xl:w-3/12 rounded-lg p-4 pb-8"
    >
      <div
        className="card-title w-full text-mainColor flex  flex-wrap justify-center items-center  "
      >
        <h3
          className="font-bold text-sm text-center w-11/12"
        >
          Adding new Role
        </h3>
        <div
          className="close-icon w-1/12 cursor-pointer float-right"
          onClick={[Function]}
        >
          <img
            alt="Phantom"
            className="float-right"
            src="close.svg"
          />
        </div>
        <hr
          className=" bg-secondary-150 border my-3 w-full"
        />
      </div>
      <div
        className="card-body"
      >
        <h2
          className="md:ml-12 text-secondary-500 text-xs md:text-sm"
        >
          New Role
        </h2>
        <form
          action="/drivers"
          className=" sp:px-8 mp:px-5 sm:px-10  md:px-8 lg:px-12"
          onSubmit={[Function]}
        >
          <div
            className="input my-3 h-9 "
          >
            <div
              className="grouped-input bg-secondary-40 flex items-center  h-full w-full rounded-md"
            >
              <input
                className=" bg-transparent border-0 outline-none px-5 font-sans text-xs text-secondary-50 h-5 w-4/5"
                name="roleName"
                onChange={[Function]}
                placeholder="Add Role"
                type="text"
                value=""
              />
            </div>
          </div>
          <div
            className="w-full flex justify-between"
          >
            <InfoButton
              name="Cancel"
              onclick={[Function]}
              styles="py-2 md:w-1/3 bg-primary-200 hover:bg-primary-100 text-primary-500"
            />
            <Primary
              name="Save"
              styles="py-2 md:w-1/3"
            />
          </div>
        </form>
      </div>
    </div>
  </div>
  <DashBoardLayout>
    <div
      className="w-full h-min  lg:w-7/12 bg-white rounded-md p-4 m-2"
    >
      <div
        className="w-full"
      >
        <div
          className="card-header flex items-center justify-between"
        >
          <div
            className="card-title"
          >
            <div
              className="title mb-3"
            >
              <h4
                className=" text-primary-500 font-bold text-xs md:text-base"
              >
                List of Roles
              </h4>
            </div>
          </div>
          <div
            className="add-new-record"
          >
            <Primary
              name="New Role"
              onclick={[Function]}
            />
          </div>
        </div>
        <TableRolesSkeleton />
      </div>
    </div>
    <div
      className="w-full h-min lg:w-4/12 bg-white rounded-md m-2 px-4 pt-4"
    >
      <div
        className="w-full"
      >
        <div
          className="card-header flex justify-between"
        >
          <div
            className="card-title"
          >
            <div
              className="title mb-3"
            >
              <h4
                className=" text-primary-500 font-bold text-xs md:text-base"
              >
                List of Permissions
              </h4>
            </div>
          </div>
          <div
            className="add-new-record"
          />
        </div>
        <TablePermissionSkeleton />
      </div>
    </div>
  </DashBoardLayout>
</Fragment>
`;
