// Jest Snapshot v1, https://goo.gl/fbAQLP

exports[`<Login /> It should match the snapshot 1`] = `
<div
  className="lg:flex md:flex w-screen h-screen overflow-hidden"
  style={
    Object {
      "backgroundImage": "linear-gradient(0deg, rgba(243, 246, 249, 0.1), rgba(243, 246, 249, 0.7)),url(pipes.png)",
      "backgroundRepeat": "repeat",
      "backgroundSize": "100px",
    }
  }
>
  <ToastContainer
    autoClose={5000}
    closeButton={[Function]}
    closeOnClick={true}
    draggable={true}
    draggableDirection="x"
    draggablePercent={80}
    hideProgressBar={true}
    newestOnTop={false}
    pauseOnFocusLoss={true}
    pauseOnHover={true}
    position="top-right"
    role="alert"
    rtl={false}
    theme="light"
    transition={[Function]}
  />
  <div
    className=" letfSide_bg-color lg:w-5/12 md:w-7/12 flex flex-col p-6 md:p-12 lg:px-24 2xl:p-40 "
  >
    <Link
      className="w-full "
      to="/"
    >
      <span
        className="iconify"
      >
        <img
          alt=""
          src="left-arrow.svg"
        />
      </span>
    </Link>
    <div
      className=" w-full h-screen flex items-center flex-wrap"
    >
      <SkeletonUpdate />
    </div>
  </div>
  <div
    className="bg-no-repeat bg-center bg-cover w-3/5 h-screen relative"
  >
    <figure>
      <img
        alt="Background Image"
        className="lg:block md:block lg:mt-10 lg:h-5/6 md:mt-28 md:h-96 lg:mb-20 mr-auto lg:w-10/12 lg:ml-12 hidden"
        src="Image1.png"
      />
      <figcaption
        className="hidden lg:block md:block lg:absolute md:absolute lg:top-1/2 md:top-64 lg:left-1/2 md:left-1/2 lg:right-0 md:right-0 lg:bottom-0 md:bottom-0"
      >
         
        <h3
          className="text-mainColor font-sans font-bold leading-10 lg:text-4xl md:text-2xl lg:mb-2 md:mb-1 lg:mt-1 md:mt-20 not-italic"
        >
          Fast and easy movement !
        </h3>
        <p
          className="text-secondary-300 font-sans not-italic font-semibold leading-10 md:text-base md:mt-2 lg:mt-4 mt-8"
        >
          Get notified anytime, anywhere bus is.Get notified anytime, anywhere bus is.Get notified anytime, anywhere bus is.Get notified anytime, anywhere bus is.
        </p>
      </figcaption>
    </figure>
  </div>
</div>
`;
